Generation: 0 - BestCost: 90
Generation: 100 - BestCost: 120
Generation: 200 - BestCost: 120
Generation: 300 - BestCost: 120
Generation: 400 - BestCost: 120
Generation: 500 - BestCost: 120
Generation: 600 - BestCost: 120
Generation: 700 - BestCost: 120
Generation: 800 - BestCost: 120
Generation: 900 - BestCost: 120
Generation: 1000 - BestCost: 120
Generation: 1100 - BestCost: 120
Generation: 1200 - BestCost: 120
Generation: 1300 - BestCost: 120
Generation: 1400 - BestCost: 120
Generation: 1500 - BestCost: 120
Generation: 1600 - BestCost: 120
Generation: 1700 - BestCost: 120
Generation: 1800 - BestCost: 120
Generation: 1900 - BestCost: 120
Generation: 2000 - BestCost: 120
Generation: 2100 - BestCost: 120
Generation: 2200 - BestCost: 120
Generation: 2300 - BestCost: 120
Generation: 2400 - BestCost: 120
Generation: 2500 - BestCost: 120
Generation: 2600 - BestCost: 120
Generation: 2700 - BestCost: 120
Generation: 2800 - BestCost: 120
Generation: 2900 - BestCost: 120
Generation: 3000 - BestCost: 120
Generation: 3100 - BestCost: 120
Generation: 3200 - BestCost: 120
Generation: 3300 - BestCost: 120
Generation: 3400 - BestCost: 120
Generation: 3500 - BestCost: 120
Generation: 3600 - BestCost: 120
Generation: 3700 - BestCost: 120
Generation: 3800 - BestCost: 120
Generation: 3900 - BestCost: 120
Generation: 4000 - BestCost: 120
Generation: 4100 - BestCost: 120
Generation: 4200 - BestCost: 120
Generation: 4300 - BestCost: 120
Generation: 4400 - BestCost: 120
Generation: 4500 - BestCost: 120
Generation: 4600 - BestCost: 120
Generation: 4700 - BestCost: 120
Generation: 4800 - BestCost: 120
Generation: 4900 - BestCost: 120
Generation: 5000 - BestCost: 120
Generation: 5100 - BestCost: 120
Generation: 5200 - BestCost: 120
Generation: 5300 - BestCost: 120
Generation: 5400 - BestCost: 120
Generation: 5500 - BestCost: 120
Generation: 5600 - BestCost: 120
Generation: 5700 - BestCost: 120
Generation: 5800 - BestCost: 120
Generation: 5900 - BestCost: 120
Generation: 6000 - BestCost: 120
Generation: 6100 - BestCost: 120
Generation: 6200 - BestCost: 120
Generation: 6300 - BestCost: 120
Generation: 6400 - BestCost: 120
Generation: 6500 - BestCost: 120
Generation: 6600 - BestCost: 120
Generation: 6700 - BestCost: 120
Generation: 6800 - BestCost: 120
Generation: 6900 - BestCost: 120
Generation: 7000 - BestCost: 120
Generation: 7100 - BestCost: 120
Generation: 7200 - BestCost: 120
Generation: 7300 - BestCost: 120
Generation: 7400 - BestCost: 120
Generation: 7500 - BestCost: 120
Generation: 7600 - BestCost: 120
Generation: 7700 - BestCost: 120
Generation: 7800 - BestCost: 120
Generation: 7900 - BestCost: 120
Generation: 8000 - BestCost: 120
Generation: 8100 - BestCost: 120
Generation: 8200 - BestCost: 120
Generation: 8300 - BestCost: 120
Generation: 8400 - BestCost: 120
Generation: 8500 - BestCost: 120
Generation: 8600 - BestCost: 120
Generation: 8700 - BestCost: 120
Generation: 8800 - BestCost: 120
Generation: 8900 - BestCost: 120
Generation: 9000 - BestCost: 120
Generation: 9100 - BestCost: 120
Generation: 9200 - BestCost: 120
Generation: 9300 - BestCost: 120
Generation: 9400 - BestCost: 120
Generation: 9500 - BestCost: 120
Generation: 9600 - BestCost: 120
Generation: 9700 - BestCost: 120
Generation: 9800 - BestCost: 120
Generation: 9900 - BestCost: 120
Generation: 10000 - BestCost: 120
PopSize: : 100 - Cost: 120 - Weight: 54 - Time: 0.775 - generations: 10000
